../Core/Src/main.c:58:9:crc8_d5	24	static
../Core/Src/main.c:75:6:unpackCh	32	static
../Core/Src/main.c:141:5:main	528	static
../Core/Src/main.c:231:6:SystemClock_Config	88	static
../Core/Src/main.c:278:13:MX_USART1_UART_Init	8	static
../Core/Src/main.c:311:13:MX_USART2_UART_Init	8	static
../Core/Src/main.c:342:13:MX_DMA_Init	16	static
../Core/Src/main.c:364:13:MX_GPIO_Init	40	static
../Core/Src/main.c:394:6:HAL_UARTEx_RxEventCallback	24	static
../Core/Src/main.c:452:6:Error_Handler	4	static,ignoring_inline_asm
